------------------------------------------------------------
Timing Analyzer Summary
------------------------------------------------------------

Type  : Slow 1100mV 85C Model Setup 'clk'
Slack : 17.211
TNS   : 0.000

Type  : Slow 1100mV 85C Model Hold 'clk'
Slack : 0.441
TNS   : 0.000

Type  : Slow 1100mV 85C Model Minimum Pulse Width 'clk'
Slack : 9.380
TNS   : 0.000

Type  : Slow 1100mV 0C Model Setup 'clk'
Slack : 17.007
TNS   : 0.000

Type  : Slow 1100mV 0C Model Hold 'clk'
Slack : 0.446
TNS   : 0.000

Type  : Slow 1100mV 0C Model Minimum Pulse Width 'clk'
Slack : 9.240
TNS   : 0.000

Type  : Fast 1100mV 85C Model Setup 'clk'
Slack : 18.719
TNS   : 0.000

Type  : Fast 1100mV 85C Model Hold 'clk'
Slack : 0.186
TNS   : 0.000

Type  : Fast 1100mV 85C Model Minimum Pulse Width 'clk'
Slack : 9.404
TNS   : 0.000

Type  : Fast 1100mV 0C Model Setup 'clk'
Slack : 18.736
TNS   : 0.000

Type  : Fast 1100mV 0C Model Hold 'clk'
Slack : 0.177
TNS   : 0.000

Type  : Fast 1100mV 0C Model Minimum Pulse Width 'clk'
Slack : 9.404
TNS   : 0.000

------------------------------------------------------------
